hasm\hasm.exe
hasm\hsim.exe
hasm\hsim.hlp
hasm\script\autoexec.scr
hasm\script\w.scr
hasm\script\cs.scr
hasm\doc\hasmhsim.txt
hasm\doc\readme.txt
hasm\doc\files.lst
hasm\tabellen\6502.tab
hasm\tabellen\68hc11.tab
hasm\tabellen\68hc11.tas
hasm\tabellen\8035.tab
hasm\tabellen\8039.tab
hasm\tabellen\8039.tas
hasm\tabellen\80c166.tab
hasm\tabellen\80c196kc.tab
hasm\tabellen\80c517.tab
hasm\tabellen\80C552.tab
hasm\tabellen\MCS-48.tab
hasm\tabellen\MCS-51.tab
hasm\tabellen\PIC16C57.tab
hasm\tabellen\PIC16C5X.tab
hasm\tabellen\Z80.tab
hasm\tabellen\80c196kc.tam
hasm\tabellen\80C552.tam
hasm\tabellen\80C552.tas
hasm\tabellen\PIC16C57.tas
hasm\tabellen\d4_cpu.tab
hasm\tabellen\d4_cpu.tas
hasm\tabellen\8255.tba
hasm\tabellen\shift.tba
hasm\demo\demo.bat
hasm\demo\6502\6502.asm
hasm\demo\8039\pst\pst10.asm
hasm\demo\80c166\80c166.asm
hasm\demo\80c196\80c196.asm
hasm\demo\68hc11\fft\fft.asm
hasm\demo\68hc11\float\float.asm
hasm\demo\68hc11\float\demo.asm
hasm\demo\68hc11\float\demo.bat
hasm\demo\68hc11\buffalo\buffalo.asm
hasm\demo\68hc11\buffalo\demo.bat
hasm\demo\68hc11\buffalo\demo.scr
hasm\demo\80c552\bitseg\bitseg.asm
hasm\demo\80c552\download\dl30.asm
hasm\demo\80c552\download\anw_a.asm
hasm\demo\80c552\download\demo.bat
hasm\demo\80c552\link\demo.bat
hasm\demo\80c552\link\link_h.asm
hasm\demo\80c552\link\link_m0.asm
hasm\demo\80c552\link\link_m1.asm
hasm\demo\80c552\link\link_m2.asm
hasm\demo\80c552\link\link_m3.asm
hasm\demo\80c552\local\local.asm
hasm\demo\80c552\makro\makro.asm
hasm\demo\80c552\misc\misc.asm
hasm\demo\80c552\schalter\schalter.asm
hasm\demo\80c552\schalter\inc.asm
hasm\demo\80c552\tabelle\tabelle.asm
hasm\demo\pic\bus\bus.asm
hasm\demo\pic\ser\ser.asm
hasm\demo\pic\i2cbus\i2cbus.asm
hasm\demo\pic\rs232\rs232.asm
hasm\demo\z80\z80.asm
hasm\demo\d4_cpu\d4_cpu.txt
hasm\demo\d4_cpu\subr\demo.bat
hasm\demo\d4_cpu\subr\subr.asm
hasm\demo\d4_cpu\subr\subr.h
hasm\demo\multi\80c552.asm
hasm\demo\multi\pic16c57.asm
hasm\demo\multi\demo.bat
hasm\demo\multi\demo.scr
hasm\init\msc70.ini
